Microsoft (R) Visual C# Compiler version 2.6.0.62309 (d3f6b8e7)
Copyright (C) Microsoft Corporation. All rights reserved.

